// Bun Snapshot v1, https://goo.gl/fbAQLP

exports[`algorithms should strip rotations from algorithms correctly 1`] = `
[
  3,
  9,
  8,
  9,
  9,
  9,
  8,
  3,
  9,
  3,
  3,
  3,
]
`;

exports[`algorithms should strip rotations from algorithms correctly 2`] = `
[
  9,
  9,
  9,
  6,
  6,
  6,
  0,
  0,
  0,
  6,
  6,
  6,
  9,
  9,
  9,
  6,
  6,
  6,
]
`;
